\BOOKMARK [1][-]{section.1}{Objective}{}% 1
\BOOKMARK [1][-]{section.2}{Theory}{}% 2
\BOOKMARK [2][-]{subsection.2.1}{Electron Spin Resonance:}{section.2}% 3
\BOOKMARK [2][-]{subsection.2.2}{ExpEyes:}{section.2}% 4
\BOOKMARK [3][-]{subsubsection.2.2.1}{Electromagnetic Induction:}{subsection.2.2}% 5
\BOOKMARK [3][-]{subsubsection.2.2.2}{Induced Voltage in a photodiode:}{subsection.2.2}% 6
\BOOKMARK [1][-]{section.3}{Data and Observations:}{}% 7
\BOOKMARK [1][-]{section.4}{Graphs:}{}% 8
\BOOKMARK [1][-]{section.5}{Results and Conclusion:}{}% 9
\BOOKMARK [1][-]{section.6}{Precautions:}{}% 10
\BOOKMARK [1][-]{section.7}{References}{}% 11
